// Jest Snapshot v1, https://goo.gl/fbAQLP

exports[`Should render DashboardPage component 1`] = `
<div>
  Dashboard Page Content
</div>
`;
